2026/01/15 00:05:44 main.go:60: Exit open fatadaf;asf: no such file or directory
2026/01/15 00:06:38 /Users/matsunagamasaru/github/Golang/LearnGolang/main.go:60: Exit open fatadaf;asf: no such file or directory
